<html>
<body>
<pre>
<h1>µVision Build Log</h1>
<h2>Tool Versions:</h2>
IDE-Version: ¦ÌVision V5.24.2.0
Copyright (C) 2017 ARM Ltd and ARM Germany GmbH. All rights reserved.
License Information: MANU Ginobili, 1, LIC=GMZI6-DMXJ8-9UT4U-SEM5Z-ETB56-J53QM
 
Tool Versions:
Toolchain:       MDK-ARM Plus  Version: 5.0.5.0
Toolchain Path:  D:\soft\k5\ARM\ARMCC\Bin
C Compiler:      Armcc.exe V5.06 update 6 (build 750)
Assembler:       Armasm.exe V5.06 update 6 (build 750)
Linker/Locator:  ArmLink.exe V5.06 update 6 (build 750)
Library Manager: ArmAr.exe V5.06 update 6 (build 750)
Hex Converter:   FromElf.exe V5.06 update 6 (build 750)
CPU DLL:         SARMCM3.DLL V5.0.5.0
Dialog DLL:      DCM.DLL V1.10.0.0
Target DLL:      UL2CM3.DLL V1.150.17.0
Dialog DLL:      TCM.DLL V1.14.1.0
 
<h2>Project:</h2>
D:\yi\Desktop\Psdk\Psdk\3E_T_Psdk3.6\samples\sample_c\platform\rtos_freertos\stm32f4_discovery\project\mdk_bootloader\mdk_bootloader.uvprojx
Project File Date:  10/24/2023

<h2>Output:</h2>
*** Using Compiler 'V5.06 update 6 (build 750)', folder: 'D:\soft\k5\ARM\ARMCC\Bin'
Rebuild target 'mdk_bootloader'
assembling startup_stm32f407xx.s...
compiling common.c...
compiling dji_ringbuffer.c...
compiling main.c...
compiling stm32f4xx_hal_msp.c...
compiling stm32f4xx_hal.c...
compiling stm32f4xx_it.c...
compiling upgrade_platform_opt_stm32.c...
compiling system_stm32f4xx.c...
compiling button.c...
compiling menu.c...
compiling stm32f4xx_hal_cortex.c...
compiling flash_if.c...
compiling uart.c...
compiling ymodem.c...
compiling stm32f4xx_hal_dma.c...
compiling stm32f4xx_hal_dma_ex.c...
compiling stm32f4xx_hal_flash.c...
compiling stm32f4xx_hal_exti.c...
compiling heap_4.c...
compiling osal.c...
compiling stm32f4xx_hal_pwr.c...
compiling stm32f4xx_hal_flash_ex.c...
compiling stm32f4xx_hal_gpio.c...
compiling stm32f4xx_hal_hcd.c...
compiling stm32f4xx_hal_flash_ramfunc.c...
compiling stm32f4xx_hal_rcc.c...
compiling stm32f4xx_hal_tim_ex.c...
compiling stm32f4xx_hal_pwr_ex.c...
compiling stm32f4xx_hal_uart.c...
compiling stm32f4xx_hal_rcc_ex.c...
compiling port.c...
compiling stm32f4xx_ll_usb.c...
compiling stm32f4xx_hal_tim.c...
compiling event_groups.c...
compiling croutine.c...
compiling list.c...
compiling queue.c...
compiling timers.c...
compiling tasks.c...
linking...
Program Size: Code=19872 RO-data=916 RW-data=12684 ZI-data=78516  
After Build - User command #1: D:\soft\k5\ARM\ARMCC\bin\fromelf.exe .\Objects\psdk_demo.axf --bin --output .\dji_sdk_bootloader.bin
".\Objects\psdk_demo.axf" - 0 Error(s), 0 Warning(s).

<h2>Software Packages used:</h2>

Package Vendor: Keil
                https://www.keil.com/pack/Keil.STM32F4xx_DFP.2.17.1.pack
                Keil.STM32F4xx_DFP.2.17.1
                STMicroelectronics STM32F4 Series Device Support, Drivers and Examples

<h2>Collection of Component include folders:</h2>
  .\RTE\_mdk_bootloader
  D:\soft\k5\ARM\PACK\Keil\STM32F4xx_DFP\2.17.1\Drivers\CMSIS\Device\ST\STM32F4xx\Include

<h2>Collection of Component Files used:</h2>
Build Time Elapsed:  00:00:06
</pre>
</body>
</html>
