<html>
<body>
<pre>
<h1>µVision Build Log</h1>
<h2>Tool Versions:</h2>
IDE-Version: ¦ÌVision V5.24.2.0
Copyright (C) 2017 ARM Ltd and ARM Germany GmbH. All rights reserved.
License Information: MANU Ginobili, 1, LIC=GMZI6-DMXJ8-9UT4U-SEM5Z-ETB56-J53QM
 
Tool Versions:
Toolchain:       MDK-ARM Plus  Version: 5.0.5.0
Toolchain Path:  D:\soft\k5\ARM\ARMCC\Bin
C Compiler:      Armcc.exe V5.06 update 6 (build 750)
Assembler:       Armasm.exe V5.06 update 6 (build 750)
Linker/Locator:  ArmLink.exe V5.06 update 6 (build 750)
Library Manager: ArmAr.exe V5.06 update 6 (build 750)
Hex Converter:   FromElf.exe V5.06 update 6 (build 750)
CPU DLL:         SARMCM3.DLL V5.0.5.0
Dialog DLL:      DCM.DLL V1.10.0.0
Target DLL:      STLink\ST-LINKIII-KEIL_SWO.dll V2.0.3.0_KEIL
Dialog DLL:      TCM.DLL V1.14.1.0
 
<h2>Project:</h2>
d:\yi\Desktop\Psdk\Psdk\esc1_test_3E_T_Psdk3.6\samples\sample_c\platform\rtos_freertos\stm32f4_discovery\project\mdk\mdk_app.uvprojx
Project File Date:  11/30/2023

<h2>Output:</h2>
*** Using Compiler 'V5.06 update 6 (build 750)', folder: 'D:\soft\k5\ARM\ARMCC\Bin'
Build target 'mdk_app'
compiling application.c...
linking...
Program Size: Code=213900 RO-data=215336 RW-data=17520 ZI-data=92688  
After Build - User command #1: D:\soft\k5\ARM\ARMCC\bin\fromelf.exe .\Objects\mdk_app.axf --bin --output .\dji_sdk_demo_rtos.bin
".\Objects\mdk_app.axf" - 0 Error(s), 0 Warning(s).

<h2>Software Packages used:</h2>

Package Vendor: Keil
                https://www.keil.com/pack/Keil.STM32F4xx_DFP.2.17.1.pack
                Keil.STM32F4xx_DFP.2.17.1
                STMicroelectronics STM32F4 Series Device Support, Drivers and Examples

<h2>Collection of Component include folders:</h2>
  .\RTE\_mdk_app
  D:\soft\k5\ARM\PACK\Keil\STM32F4xx_DFP\2.17.1\Drivers\CMSIS\Device\ST\STM32F4xx\Include

<h2>Collection of Component Files used:</h2>
Build Time Elapsed:  00:00:04
</pre>
</body>
</html>
